GET /v1/products 404 150 - 3.032 ms
GET /v1/products 404 150 - 2.062 ms
GET /products 404 147 - 3.385 ms
GET / 404 139 - 1.364 ms
GET /products 404 147 - 1.107 ms
GET /product 404 146 - 0.575 ms
GET /products 404 147 - 1.115 ms
GET /products 404 147 - 0.631 ms
GET /v1/users 500 - - 234.070 ms
GET /v1/users 500 - - 60.756 ms
GET /v1/users 500 - - 63.190 ms
GET /v1/users 500 - - 69.512 ms
GET /v1/users 500 - - 58.241 ms
GET /v1/users 500 - - 82.523 ms
GET /v1/users 500 - - 156.443 ms
GET /v1/users 500 - - 102.055 ms
GET /v1/users 500 - - 73.600 ms
GET /v1/users 500 - - 54.095 ms
GET /v1/users 500 - - 122.167 ms
GET /v1/users 500 - - 85.571 ms
GET /products 404 147 - 3.072 ms
GET /v1/users 200 488 - 96.719 ms
GET /favicon.ico 404 150 - 0.591 ms
GET /v1/products 200 1384 - 94.609 ms
GET /products 404 147 - 0.984 ms
GET /v1%7B/products 404 153 - 0.527 ms
GET /v1/products 200 1384 - 62.173 ms
GET /v1/products?id=1 200 1384 - 136.979 ms
GET / 404 139 - 3.419 ms
GET /products 404 147 - 1.409 ms
GET /v1/products?id=1 200 71 - 91.102 ms
GET /v1/products 200 1384 - 3.185 ms
GET /v1/products?id=1 200 71 - 2.814 ms
GET /v1/products?id=1 200 71 - 90.888 ms
GET /v1/products?id=1 200 71 - 87.287 ms
GET /v1/products?id=1 200 71 - 183.527 ms
GET /v1/products?id=1 200 1384 - 85.711 ms
GET /v1/products/1 404 152 - 1.776 ms
GET /v1/products/1 404 152 - 0.669 ms
GET /v1/products/1 404 152 - 2.069 ms
GET /v1/products/1 404 152 - 1.429 ms
GET /v1/products/1 404 152 - 0.393 ms
GET /v1/products/1 404 152 - 3.701 ms
GET /v1/products/1 404 152 - 4.725 ms
GET /v1/products/1 404 152 - 0.661 ms
GET /v1/products/1 404 152 - 6.674 ms
GET /v1/products/2 404 152 - 1.194 ms
GET /v1/products/:1 404 153 - 0.426 ms
GET /v1/products 200 1384 - 88.546 ms
GET /v1/products/1 404 152 - 0.550 ms
GET /v1/products/1 404 152 - 3.011 ms
GET /v1/products/1 200 71 - 92.207 ms
GET /v1/products 200 1384 - 86.044 ms
PUT /v1/products/1 200 71 - 3.217 ms
PUT /v1/products/1 200 71 - 166.125 ms
PUT /v1/products/12 200 66 - 203.572 ms
PUT /v1/products/12 400 18 - 83.059 ms
PUT /v1/products/12 400 29 - 85.816 ms
PUT /v1/products/12 400 29 - 182.052 ms
PUT /v1/products/12 400 45 - 93.840 ms
PUT /v1/products/12 400 59 - 93.374 ms
PUT /v1/products/12 400 54 - 89.612 ms
PUT /v1/products/12 200 29 - 70.172 ms
GET /v1/products/12 200 78 - 60.465 ms
GET /v1/products/12 200 78 - 82.850 ms
PUT /v1/products/12 200 29 - 5.707 ms
GET /v1/products/12 200 78 - 1.634 ms
PUT /v1/products/12 200 29 - 66.124 ms
PUT /v1/products/12 200 29 - 2.781 ms
GET /v1/products/12 200 79 - 1.202 ms
PUT /v1/products/12 200 29 - 89.953 ms
GET /v1/products/12 200 81 - 1.742 ms
POST /v1/products 404 151 - 2.712 ms
POST /v1/products/ 400 78 - 151.901 ms
POST /v1/products/ 400 78 - 69.475 ms
POST /v1/products/ 200 1687 - 140.648 ms
PUT /v1/products/21 400 82 - 106.395 ms
PUT /v1/products/21 200 87 - 67.331 ms
PUT /v1/products/21 400 100 - 106.041 ms
PUT /v1/products/21 200 87 - 62.284 ms
GET /v1/products 200 1487 - 57.527 ms
PUT /v1/products/21 200 87 - 106.324 ms
PUT /v1/products/21 400 100 - 169.908 ms
PUT /v1/products/21 200 87 - 169.698 ms
PUT /v1/products/21 200 87 - 89.054 ms
PUT /v1/products/21 200 85 - 65.108 ms
PUT /v1/products/21 200 85 - 62.582 ms
PUT /v1/products/21 200 85 - 2.583 ms
PUT /v1/products/21 400 106 - 2.498 ms
GET /v1/products/21 200 85 - 57.954 ms
PUT /v1/products/21 200 81 - 57.372 ms
PUT /v1/products/21 200 88 - 60.293 ms
POST /v1/products/ 200 77 - 172.046 ms
DELETE /v1/products/22 204 - - 82.146 ms
GET /v1/products 200 1399 - 4.209 ms
DELETE /v1/products/21 - - - - ms
GET /v1/products 200 1399 - 156.135 ms
POST /v1/products 201 73 - 216.666 ms
GET /v1/products 200 1473 - 58.639 ms
GET /v1/products 200 1473 - 201.031 ms
GET /v1/products/21 404 29 - 2.971 ms
GET /v1/products/1 200 71 - 1.841 ms
POST /v1/products/ 404 152 - 1.309 ms
PUT /v1/products/21 404 153 - 0.301 ms
